PASS __tests__/medicalRecord.test.ts
  Historial y recetas - validación y preparación local
    √ PU-52 rechaza un diagnóstico vacío (2 ms)
    √ PU-53 rechaza un tratamiento vacío
    √ PU-54 acepta diagnóstico y tratamiento con contenido (1 ms)
    √ PU-55 rechaza campos clínicos de solo espacios
    √ H-05 rechaza un campo clínico en blanco con el otro completo ( 	 )
    √ H-05 rechaza un campo clínico en blanco con el otro completo (Diagnóstico ficticio)
    √ H-05 acepta contenido clínico con espacios exteriores
    √ PU-56 prepara el prediagnóstico a partir del reporte recibido (1 ms)
    √ PU-57 no inventa una urgencia para el reporte incompleto (1 ms)
    √ PU-58 no presenta datos de demostración sin triaje (1 ms)
    √ H-06 conserva la urgencia Critical cuando procede del reporte
    √ H-06 conserva la urgencia Medium cuando procede del reporte
    √ H-06 conserva la urgencia Low cuando procede del reporte (1 ms)
    √ H-06 no clasifica como evaluado un nivel inválido 
    √ H-06 no clasifica como evaluado un nivel inválido Unknown
    √ H-06 no clasifica como evaluado un nivel inválido    
    √ H-06 no clasifica como evaluado un nivel inválido null
    √ PU-59 prepara el HTML de la receta sin farmacia opcional (22 ms)
    √ PU-60 incluye la farmacia en el HTML cuando está seleccionada

PASS __tests__/userValidation.test.ts
  Usuarios - límites de los campos de inicio de sesión
    √ PU-06 rechaza ambos argumentos ausentes
    √ PU-07 rechaza ambos argumentos ausentes (1 ms)
    √ PU-08 acepta correo rodeado de espacios
    √ PU-09 no considera vacía una contraseña formada por espacios
  Usuarios - validación local del registro
    √ PU-10 rechaza el campo común vacío: email
    √ PU-11 rechaza el campo común vacío: password
    √ PU-12 rechaza el campo común vacío: fullName
    √ PU-13 rechaza el campo común vacío: identityCard (1 ms)
    √ PU-14 rechaza el campo común vacío: phoneNumber
    √ PU-15 rechaza el campo común vacío: address
    √ PU-16 acepta paciente completo sin título ni especialidad
    √ PU-17 rechaza médico sin especialidad o título
    √ PU-18 rechaza médico sin especialidad o título
    √ PU-19 acepta médico con campos y requisitos completos
    √ PU-20 prioriza campos comunes ante varios requisitos ausentes (1 ms)
    √ PU-21 rechaza un nombre formado solo por espacios
    √ H-01 rechaza espacios en el campo obligatorio email
    √ H-01 rechaza espacios en el campo obligatorio identityCard
    √ H-01 rechaza espacios en el campo obligatorio phoneNumber (1 ms)
    √ H-01 rechaza espacios en el campo obligatorio address
    √ H-01 conserva los datos completos con espacios exteriores
    √ H-01 rechaza una especialidad formada solo por espacios
  Usuarios - validación local del perfil de paciente
    √ PU-22 rechaza teléfono o dirección vacíos
    √ PU-23 rechaza teléfono o dirección vacíos
    √ PU-24 acepta teléfono y dirección completos
    √ PU-25 rechaza teléfono y dirección de solo espacios (1 ms)
    √ H-02 rechaza un campo de solo espacios aunque el otro tenga contenido ( 	 )
    √ H-02 rechaza un campo de solo espacios aunque el otro tenga contenido (00000000)
    √ H-02 conserva teléfono y dirección con espacios exteriores
  Usuarios - validación local del perfil médico
    √ PU-26 rechaza nombre o celular vacío o de solo espacios (1 ms)
    √ PU-27 rechaza nombre o celular vacío o de solo espacios
    √ PU-28 rechaza nombre o celular vacío o de solo espacios
    √ PU-29 rechaza nombre o celular vacío o de solo espacios
    √ PU-30 acepta nombre y celular completos rodeados de espacios (1 ms)

PASS __tests__/paymentSimulation.test.ts
  Pagos - orquestación de la simulación con Supabase sustituido
    √ PU-61 no solicita cambios sin identificador de triaje (8 ms)
    √ PU-62 solicita el estado waiting para el identificador ficticio (1 ms)
    √ PU-63 propaga el error devuelto por Supabase (1 ms)
    √ PU-64 propaga una excepción de la actualización
    √ H-07 rechaza un identificador vacío o ambiguo () (1 ms)
    √ H-07 rechaza un identificador vacío o ambiguo (   ) (1 ms)
    √ H-07 rechaza un identificador vacío o ambiguo (["uno", "dos"]) (1 ms)
    √ H-07 rechaza un identificador vacío o ambiguo ([]) (1 ms)

PASS __tests__/reportStats.test.ts
  Reportes - cálculos locales existentes
    √ PU-65 una colección vacía produce contadores e ingreso cero (1 ms)
    √ PU-66 cuenta niveles reconocidos sin clasificar un nivel desconocido
    √ PU-67 no cuenta espera ni atención en progreso como completadas
    √ PU-68 un registro completado aporta cincuenta a la estimación (1 ms)
    √ PU-69 estados no contemplados no aportan ingresos estimados

PASS __tests__/consultationRules.test.ts
  Videoconsultas - decisiones locales de la sala de espera
    √ PU-45 reconoce el cierre con estado completed
    √ PU-46 reconoce el cierre con estado resolved
    √ PU-47 un triaje en espera no está cerrado
    √ PU-48 un triaje en progreso habilita la llamada sin cita
    √ PU-49 una cita programada habilita la llamada
    √ PU-50 sin cita ni atención en progreso no habilita la llamada (1 ms)
    √ PU-51 una cita cancelada no habilita la llamada
    √ H-04 una cita con estado cancelled no habilita la llamada aunque el triaje siga en progreso
    √ H-04 una cita con estado completed no habilita la llamada aunque el triaje siga en progreso
    √ H-04 una cita con estado unknown no habilita la llamada aunque el triaje siga en progreso
    √ H-04 una cita con estado undefined no habilita la llamada aunque el triaje siga en progreso
    √ H-04 un triaje cerrado como completed no habilita una cita programada (1 ms)
    √ H-04 un triaje cerrado como resolved no habilita una cita programada
    √ H-04 una cita sin estado no demuestra que el médico esté listo

FAIL __tests__/reviewScreens.test.tsx (7.814 s)
  Regresión de componentes aislados con navegación y Supabase sustituidos
    × H-07 no anuncia éxito ni navega ante respuesta con error (5877 ms)
    × H-07 no anuncia éxito ni navega ante excepción (1 ms)
    × H-07 habilita la continuación solo después de actualizar la simulación (1 ms)
    × H-06 muestra ausencia de clasificación y bloquea atención sin un triaje real (2 ms)
    × H-04 ni los eventos ni el aviso del médico habilitan una cita cancelada (1 ms)
    × H-04 una cancelación revoca la navegación pendiente de una cita programada

  ● Regresión de componentes aislados con navegación y Supabase sustituidos › H-07 no anuncia éxito ni navega ante respuesta con error

    thrown: "Exceeded timeout of 5000 ms for a test.
    Add a timeout value to this test to increase the timeout, if this is a long-running test. See https://jestjs.io/docs/api#testname-fn-timeout."

      41 |   };
      42 |
    > 43 |   it.each(['respuesta con error', 'excepción'])('H-07 no anuncia éxito ni navega ante %s', async (mode) => {
         |                                                ^
      44 |     const eq = mode === 'excepción' ? jest.fn().mockRejectedValue(new Error('Fallo ficticio')) : jest.fn().mockResolvedValue({ error: { message: 'Fallo ficticio' } });
      45 |     (supabase.from as jest.Mock).mockReturnValue({ update: () => ({ eq }) });
      46 |     await act(async () => { view = create(<PaymentScreen />); });

      at node_modules/jest-each/build/bind.js:47:15
          at Array.forEach (<anonymous>)
      at __tests__/reviewScreens.test.tsx:43:48
      at Object.describe (__tests__/reviewScreens.test.tsx:15:1)

  ● Regresión de componentes aislados con navegación y Supabase sustituidos › H-07 no anuncia éxito ni navega ante excepción

    Can't access .root on unmounted test renderer

      36 |   const text = () => JSON.stringify(view.toJSON());
      37 |   const simulate = async () => {
    > 38 |     const button = view.root.findAllByType(TouchableOpacity).find((b: any) => b.props.disabled === false);
         |                         ^
      39 |     await act(async () => button.props.onPress());
      40 |     await act(async () => { await jest.advanceTimersByTimeAsync(2500); });
      41 |   };

      at Object.get [as root] (node_modules/react-test-renderer/cjs/react-test-renderer.development.js:17446:19)
      at root (__tests__/reviewScreens.test.tsx:38:25)
      at asyncGeneratorStep (node_modules/@babel/runtime/helpers/asyncToGenerator.js:3:17)
      at _next (node_modules/@babel/runtime/helpers/asyncToGenerator.js:17:9)
      at node_modules/@babel/runtime/helpers/asyncToGenerator.js:22:7
      at node_modules/@babel/runtime/helpers/asyncToGenerator.js:14:12
      at apply (__tests__/reviewScreens.test.tsx:37:17)
      at simulate (__tests__/reviewScreens.test.tsx:47:11)
      at asyncGeneratorStep (node_modules/@babel/runtime/helpers/asyncToGenerator.js:3:17)
      at _next (node_modules/@babel/runtime/helpers/asyncToGenerator.js:17:9)

  ● Regresión de componentes aislados con navegación y Supabase sustituidos › H-07 habilita la continuación solo después de actualizar la simulación

    Can't access .root on unmounted test renderer

      36 |   const text = () => JSON.stringify(view.toJSON());
      37 |   const simulate = async () => {
    > 38 |     const button = view.root.findAllByType(TouchableOpacity).find((b: any) => b.props.disabled === false);
         |                         ^
      39 |     await act(async () => button.props.onPress());
      40 |     await act(async () => { await jest.advanceTimersByTimeAsync(2500); });
      41 |   };

      at Object.get [as root] (node_modules/react-test-renderer/cjs/react-test-renderer.development.js:17446:19)
      at root (__tests__/reviewScreens.test.tsx:38:25)
      at asyncGeneratorStep (node_modules/@babel/runtime/helpers/asyncToGenerator.js:3:17)
      at _next (node_modules/@babel/runtime/helpers/asyncToGenerator.js:17:9)
      at node_modules/@babel/runtime/helpers/asyncToGenerator.js:22:7
      at node_modules/@babel/runtime/helpers/asyncToGenerator.js:14:12
      at apply (__tests__/reviewScreens.test.tsx:37:17)
      at Object.simulate (__tests__/reviewScreens.test.tsx:58:11)
      at asyncGeneratorStep (node_modules/@babel/runtime/helpers/asyncToGenerator.js:3:17)
      at _next (node_modules/@babel/runtime/helpers/asyncToGenerator.js:17:9)

  ● Regresión de componentes aislados con navegación y Supabase sustituidos › H-06 muestra ausencia de clasificación y bloquea atención sin un triaje real

    expect(received).toContain(expected) // indexOf

    Expected substring: "URGENCIA NO DISPONIBLE"
    Received string:    "null"

      64 |   it('H-06 muestra ausencia de clasificación y bloquea atención sin un triaje real', async () => {
      65 |     await act(async () => { view = create(<TriageEvaluation />); });
    > 66 |     expect(text()).toContain('URGENCIA NO DISPONIBLE');
         |                    ^
      67 |     expect(text()).not.toContain('Juan Perez');
      68 |     expect(text()).not.toContain('NIVEL CRÍTICO');
      69 |     expect(view.root.findAllByType(TouchableOpacity).some((b: any) => b.props.disabled === true)).toBe(true);

      at Object.toContain (__tests__/reviewScreens.test.tsx:66:20)
      at asyncGeneratorStep (node_modules/@babel/runtime/helpers/asyncToGenerator.js:3:17)
      at _next (node_modules/@babel/runtime/helpers/asyncToGenerator.js:17:9)

  ● Regresión de componentes aislados con navegación y Supabase sustituidos › H-04 ni los eventos ni el aviso del médico habilitan una cita cancelada

    TypeError: state.callbacks[key] is not a function

       96 |     await act(async () => { view = create(<WaitingRoomScreen />); });
       97 |     for (const [key, payload] of Object.entries({ appointments: { new: { triage_id: 'triaje-ficticio', status: 'cancelled' } }, triages: { new: { status: 'in_progress' } }, broadcast: {} })) {
    >  98 |       await act(async () => { state.callbacks[key](payload); });
          |                                                   ^
       99 |       await act(async () => { await jest.advanceTimersByTimeAsync(1200); });
      100 |     }
      101 |     expect(router.push).not.toHaveBeenCalled();

      at __tests__/reviewScreens.test.tsx:98:51
      at asyncGeneratorStep (node_modules/@babel/runtime/helpers/asyncToGenerator.js:3:17)
      at _next (node_modules/@babel/runtime/helpers/asyncToGenerator.js:17:9)
      at node_modules/@babel/runtime/helpers/asyncToGenerator.js:22:7
      at node_modules/@babel/runtime/helpers/asyncToGenerator.js:14:12
      at Object.<anonymous>.process.env.NODE_ENV.exports.act (node_modules/react/cjs/react.development.js:814:22)
      at _loop (__tests__/reviewScreens.test.tsx:98:16)
          at _loop.next (<anonymous>)
      at Object._loop (__tests__/reviewScreens.test.tsx:97:29)
      at asyncGeneratorStep (node_modules/@babel/runtime/helpers/asyncToGenerator.js:3:17)
      at _next (node_modules/@babel/runtime/helpers/asyncToGenerator.js:17:9)

  ● Regresión de componentes aislados con navegación y Supabase sustituidos › H-04 una cancelación revoca la navegación pendiente de una cita programada

    TypeError: state.callbacks.appointments is not a function

      106 |     await act(async () => { view = create(<WaitingRoomScreen />); });
      107 |     state.cancel();
    > 108 |     await act(async () => { state.callbacks.appointments({ new: { triage_id: 'triaje-ficticio', status: 'cancelled' } }); });
          |                                             ^
      109 |     await act(async () => { await jest.advanceTimersByTimeAsync(1200); });
      110 |     expect(router.push).not.toHaveBeenCalled();
      111 |   });

      at appointments (__tests__/reviewScreens.test.tsx:108:45)
      at asyncGeneratorStep (node_modules/@babel/runtime/helpers/asyncToGenerator.js:3:17)
      at _next (node_modules/@babel/runtime/helpers/asyncToGenerator.js:17:9)
      at node_modules/@babel/runtime/helpers/asyncToGenerator.js:22:7
      at node_modules/@babel/runtime/helpers/asyncToGenerator.js:14:12
      at Object.<anonymous>.process.env.NODE_ENV.exports.act (node_modules/react/cjs/react.development.js:814:22)
      at Object.<anonymous> (__tests__/reviewScreens.test.tsx:108:14)
      at asyncGeneratorStep (node_modules/@babel/runtime/helpers/asyncToGenerator.js:3:17)
      at _next (node_modules/@babel/runtime/helpers/asyncToGenerator.js:17:9)

PASS __tests__/triageWorkflow.test.ts
  Triaje - reglas locales, sin evaluación clínica
    √ PU-31 normaliza una entrada de solo espacios como vacía (1 ms)
    √ PU-32 conserva el relato en Quechuañol al recortar bordes
    √ PU-33 arma el reporte con síntomas, tiempo y medicamentos
    √ PU-34 filtra por especialidad ignorando tildes y mayúsculas
    √ PU-35 medicina general conserva la cola completa
    √ PU-36 un filtro desactivado conserva la cola completa
    √ PU-37 caracteriza la inclusión de un triaje sin especialidad (1 ms)

PASS __tests__/loginValidation.test.ts
  Pruebas Unitarias - Validación de Campos Obligatorios del Inicio de Sesión
    √ debe rechazar cuando el correo y la contraseña están vacíos (1 ms)
    √ debe rechazar cuando el correo está completo pero la contraseña está vacía (1 ms)
    √ debe rechazar cuando el correo está vacío pero la contraseña está completa
    √ debe rechazar y considerar vacío cuando el correo está compuesto solo por espacios
    √ debe superar la validación de campos obligatorios cuando ambos campos están completos (1 ms)

Test Suites: 1 failed, 7 passed, 8 total
Tests:       6 failed, 92 passed, 98 total
Snapshots:   0 total
Time:        11.249 s
Ran all test suites.
Test results written to: evidencias\revision-hallazgos-20260930\corregido\jest.json
