PASS __tests__/reviewScreens.test.tsx
  Regresión de componentes aislados con navegación y Supabase sustituidos
    √ H-07 no anuncia éxito ni navega ante respuesta con error (649 ms)
    √ H-07 no anuncia éxito ni navega ante excepción (11 ms)
    √ H-07 habilita la continuación solo después de actualizar la simulación (10 ms)
    √ H-06 muestra ausencia de clasificación y bloquea atención sin un triaje real (122 ms)
    √ H-04 ni los eventos ni el aviso del médico habilitan una cita cancelada (35 ms)
    √ H-04 una cancelación revoca la navegación pendiente de una cita programada (15 ms)

PASS __tests__/medicalRecord.test.ts
  Historial y recetas - validación y preparación local
    √ PU-52 rechaza un diagnóstico vacío
    √ PU-53 rechaza un tratamiento vacío
    √ PU-54 acepta diagnóstico y tratamiento con contenido
    √ PU-55 rechaza campos clínicos de solo espacios
    √ H-05 rechaza un campo clínico en blanco con el otro completo ( 	 ) (1 ms)
    √ H-05 rechaza un campo clínico en blanco con el otro completo (Diagnóstico ficticio)
    √ H-05 acepta contenido clínico con espacios exteriores
    √ PU-56 prepara el prediagnóstico a partir del reporte recibido
    √ PU-57 no inventa una urgencia para el reporte incompleto (1 ms)
    √ PU-58 no presenta datos de demostración sin triaje (6 ms)
    √ H-06 conserva la urgencia Critical cuando procede del reporte (1 ms)
    √ H-06 conserva la urgencia Medium cuando procede del reporte
    √ H-06 conserva la urgencia Low cuando procede del reporte
    √ H-06 no clasifica como evaluado un nivel inválido 
    √ H-06 no clasifica como evaluado un nivel inválido Unknown
    √ H-06 no clasifica como evaluado un nivel inválido     (1 ms)
    √ H-06 no clasifica como evaluado un nivel inválido null
    √ PU-59 prepara el HTML de la receta sin farmacia opcional (21 ms)
    √ PU-60 incluye la farmacia en el HTML cuando está seleccionada

PASS __tests__/paymentSimulation.test.ts
  Pagos - orquestación de la simulación con Supabase sustituido
    √ PU-61 no solicita cambios sin identificador de triaje (7 ms)
    √ PU-62 solicita el estado waiting para el identificador ficticio (1 ms)
    √ PU-63 propaga el error devuelto por Supabase
    √ PU-64 propaga una excepción de la actualización (1 ms)
    √ H-07 rechaza un identificador vacío o ambiguo () (1 ms)
    √ H-07 rechaza un identificador vacío o ambiguo (   )
    √ H-07 rechaza un identificador vacío o ambiguo (["uno", "dos"]) (1 ms)
    √ H-07 rechaza un identificador vacío o ambiguo ([]) (1 ms)

PASS __tests__/userValidation.test.ts
  Usuarios - límites de los campos de inicio de sesión
    √ PU-06 rechaza ambos argumentos ausentes (1 ms)
    √ PU-07 rechaza ambos argumentos ausentes
    √ PU-08 acepta correo rodeado de espacios (1 ms)
    √ PU-09 no considera vacía una contraseña formada por espacios
  Usuarios - validación local del registro
    √ PU-10 rechaza el campo común vacío: email
    √ PU-11 rechaza el campo común vacío: password
    √ PU-12 rechaza el campo común vacío: fullName (1 ms)
    √ PU-13 rechaza el campo común vacío: identityCard
    √ PU-14 rechaza el campo común vacío: phoneNumber
    √ PU-15 rechaza el campo común vacío: address
    √ PU-16 acepta paciente completo sin título ni especialidad
    √ PU-17 rechaza médico sin especialidad o título (1 ms)
    √ PU-18 rechaza médico sin especialidad o título
    √ PU-19 acepta médico con campos y requisitos completos
    √ PU-20 prioriza campos comunes ante varios requisitos ausentes
    √ PU-21 rechaza un nombre formado solo por espacios
    √ H-01 rechaza espacios en el campo obligatorio email (1 ms)
    √ H-01 rechaza espacios en el campo obligatorio identityCard
    √ H-01 rechaza espacios en el campo obligatorio phoneNumber
    √ H-01 rechaza espacios en el campo obligatorio address
    √ H-01 conserva los datos completos con espacios exteriores
    √ H-01 rechaza una especialidad formada solo por espacios
  Usuarios - validación local del perfil de paciente
    √ PU-22 rechaza teléfono o dirección vacíos (1 ms)
    √ PU-23 rechaza teléfono o dirección vacíos
    √ PU-24 acepta teléfono y dirección completos
    √ PU-25 rechaza teléfono y dirección de solo espacios
    √ H-02 rechaza un campo de solo espacios aunque el otro tenga contenido ( 	 )
    √ H-02 rechaza un campo de solo espacios aunque el otro tenga contenido (00000000) (1 ms)
    √ H-02 conserva teléfono y dirección con espacios exteriores
  Usuarios - validación local del perfil médico
    √ PU-26 rechaza nombre o celular vacío o de solo espacios
    √ PU-27 rechaza nombre o celular vacío o de solo espacios
    √ PU-28 rechaza nombre o celular vacío o de solo espacios
    √ PU-29 rechaza nombre o celular vacío o de solo espacios (1 ms)
    √ PU-30 acepta nombre y celular completos rodeados de espacios

PASS __tests__/reportStats.test.ts
  Reportes - cálculos locales existentes
    √ PU-65 una colección vacía produce contadores e ingreso cero (1 ms)
    √ PU-66 cuenta niveles reconocidos sin clasificar un nivel desconocido
    √ PU-67 no cuenta espera ni atención en progreso como completadas (1 ms)
    √ PU-68 un registro completado aporta cincuenta a la estimación
    √ PU-69 estados no contemplados no aportan ingresos estimados

PASS __tests__/consultationRules.test.ts
  Videoconsultas - decisiones locales de la sala de espera
    √ PU-45 reconoce el cierre con estado completed
    √ PU-46 reconoce el cierre con estado resolved (1 ms)
    √ PU-47 un triaje en espera no está cerrado
    √ PU-48 un triaje en progreso habilita la llamada sin cita
    √ PU-49 una cita programada habilita la llamada
    √ PU-50 sin cita ni atención en progreso no habilita la llamada
    √ PU-51 una cita cancelada no habilita la llamada
    √ H-04 una cita con estado cancelled no habilita la llamada aunque el triaje siga en progreso
    √ H-04 una cita con estado completed no habilita la llamada aunque el triaje siga en progreso
    √ H-04 una cita con estado unknown no habilita la llamada aunque el triaje siga en progreso
    √ H-04 una cita con estado undefined no habilita la llamada aunque el triaje siga en progreso
    √ H-04 un triaje cerrado como completed no habilita una cita programada (1 ms)
    √ H-04 un triaje cerrado como resolved no habilita una cita programada
    √ H-04 una cita sin estado no demuestra que el médico esté listo

PASS __tests__/triageWorkflow.test.ts
  Triaje - reglas locales, sin evaluación clínica
    √ PU-31 normaliza una entrada de solo espacios como vacía (1 ms)
    √ PU-32 conserva el relato en Quechuañol al recortar bordes
    √ PU-33 arma el reporte con síntomas, tiempo y medicamentos (1 ms)
    √ PU-34 filtra por especialidad ignorando tildes y mayúsculas
    √ PU-35 medicina general conserva la cola completa
    √ PU-36 un filtro desactivado conserva la cola completa (1 ms)
    √ PU-37 caracteriza la inclusión de un triaje sin especialidad

PASS __tests__/loginValidation.test.ts
  Pruebas Unitarias - Validación de Campos Obligatorios del Inicio de Sesión
    √ debe rechazar cuando el correo y la contraseña están vacíos (1 ms)
    √ debe rechazar cuando el correo está completo pero la contraseña está vacía
    √ debe rechazar cuando el correo está vacío pero la contraseña está completa
    √ debe rechazar y considerar vacío cuando el correo está compuesto solo por espacios (1 ms)
    √ debe superar la validación de campos obligatorios cuando ambos campos están completos

Test Suites: 8 passed, 8 total
Tests:       98 passed, 98 total
Snapshots:   0 total
Time:        4.764 s, estimated 7 s
Ran all test suites.
Test results written to: evidencias\revision-hallazgos-20260930\final\jest.json
