
> mi-proyecto@1.0.0 test
> jest --runInBand --watch=false --verbose --runTestsByPath __tests__/loginValidation.test.ts __tests__/userValidation.test.ts --json --outputFile=evidencias/pruebas-usuarios/final.json

PASS __tests__/userValidation.test.ts (7.439 s)
  Usuarios - límites de los campos de inicio de sesión
    √ PU-06 rechaza ambos argumentos ausentes (3 ms)
    √ PU-07 rechaza ambos argumentos ausentes
    √ PU-08 acepta correo rodeado de espacios (1 ms)
    √ PU-09 no considera vacía una contraseña formada por espacios
  Usuarios - validación local del registro
    √ PU-10 rechaza el campo común vacío: email (1 ms)
    √ PU-11 rechaza el campo común vacío: password
    √ PU-12 rechaza el campo común vacío: fullName
    √ PU-13 rechaza el campo común vacío: identityCard (1 ms)
    √ PU-14 rechaza el campo común vacío: phoneNumber
    √ PU-15 rechaza el campo común vacío: address
    √ PU-16 acepta paciente completo sin título ni especialidad
    √ PU-17 rechaza médico sin especialidad o título
    √ PU-18 rechaza médico sin especialidad o título
    √ PU-19 acepta médico con campos y requisitos completos (1 ms)
    √ PU-20 prioriza campos comunes ante varios requisitos ausentes
    √ PU-21 documenta que el registro acepta un nombre de solo espacios
  Usuarios - validación local del perfil de paciente
    √ PU-22 rechaza teléfono o dirección vacíos
    √ PU-23 rechaza teléfono o dirección vacíos
    √ PU-24 acepta teléfono y dirección completos
    √ PU-25 documenta que el perfil de paciente acepta espacios
  Usuarios - validación local del perfil médico
    √ PU-26 rechaza nombre o celular vacío o de solo espacios (1 ms)
    √ PU-27 rechaza nombre o celular vacío o de solo espacios
    √ PU-28 rechaza nombre o celular vacío o de solo espacios
    √ PU-29 rechaza nombre o celular vacío o de solo espacios
    √ PU-30 acepta nombre y celular completos rodeados de espacios

PASS __tests__/loginValidation.test.ts
  Pruebas Unitarias - Validación de Campos Obligatorios del Inicio de Sesión
    √ debe rechazar cuando el correo y la contraseña están vacíos (1 ms)
    √ debe rechazar cuando el correo está completo pero la contraseña está vacía
    √ debe rechazar cuando el correo está vacío pero la contraseña está completa
    √ debe rechazar y considerar vacío cuando el correo está compuesto solo por espacios (1 ms)
    √ debe superar la validación de campos obligatorios cuando ambos campos están completos

Test Suites: 2 passed, 2 total
Tests:       30 passed, 30 total
Snapshots:   0 total
Time:        8.371 s
Ran all test suites within paths "__tests__/loginValidation.test.ts", "__tests__/userValidation.test.ts".
Test results written to: evidencias\pruebas-usuarios\final.json
