PASS __tests__/triageWorkflow.test.ts
  Triaje - reglas locales, sin evaluación clínica
    √ PU-31 normaliza una entrada de solo espacios como vacía (2 ms)
    √ PU-32 conserva el relato en Quechuañol al recortar bordes
    √ PU-33 arma el reporte con síntomas, tiempo y medicamentos (1 ms)
    √ PU-34 filtra por especialidad ignorando tildes y mayúsculas (1 ms)
    √ PU-35 medicina general conserva la cola completa
    √ PU-36 un filtro desactivado conserva la cola completa
    √ PU-37 caracteriza la inclusión de un triaje sin especialidad

PASS __tests__/userValidation.test.ts
  Usuarios - límites de los campos de inicio de sesión
    √ PU-06 rechaza ambos argumentos ausentes
    √ PU-07 rechaza ambos argumentos ausentes
    √ PU-08 acepta correo rodeado de espacios
    √ PU-09 no considera vacía una contraseña formada por espacios (1 ms)
  Usuarios - validación local del registro
    √ PU-10 rechaza el campo común vacío: email
    √ PU-11 rechaza el campo común vacío: password
    √ PU-12 rechaza el campo común vacío: fullName
    √ PU-13 rechaza el campo común vacío: identityCard (1 ms)
    √ PU-14 rechaza el campo común vacío: phoneNumber
    √ PU-15 rechaza el campo común vacío: address
    √ PU-16 acepta paciente completo sin título ni especialidad (1 ms)
    √ PU-17 rechaza médico sin especialidad o título
    √ PU-18 rechaza médico sin especialidad o título
    √ PU-19 acepta médico con campos y requisitos completos
    √ PU-20 prioriza campos comunes ante varios requisitos ausentes (1 ms)
    √ PU-21 documenta que el registro acepta un nombre de solo espacios
  Usuarios - validación local del perfil de paciente
    √ PU-22 rechaza teléfono o dirección vacíos
    √ PU-23 rechaza teléfono o dirección vacíos
    √ PU-24 acepta teléfono y dirección completos (1 ms)
    √ PU-25 documenta que el perfil de paciente acepta espacios
  Usuarios - validación local del perfil médico
    √ PU-26 rechaza nombre o celular vacío o de solo espacios
    √ PU-27 rechaza nombre o celular vacío o de solo espacios
    √ PU-28 rechaza nombre o celular vacío o de solo espacios
    √ PU-29 rechaza nombre o celular vacío o de solo espacios (1 ms)
    √ PU-30 acepta nombre y celular completos rodeados de espacios

PASS __tests__/medicalRecord.test.ts
  Historial y recetas - validación y preparación local
    √ PU-52 rechaza un diagnóstico vacío
    √ PU-53 rechaza un tratamiento vacío
    √ PU-54 acepta diagnóstico y tratamiento con contenido
    √ PU-55 caracteriza la aceptación de campos clínicos de solo espacios
    √ PU-56 prepara el prediagnóstico a partir del reporte recibido (1 ms)
    √ PU-57 conserva el nivel Medium como valor por defecto del reporte incompleto
    √ PU-58 caracteriza los datos de demostración al no recibir un triaje
    √ PU-59 prepara el HTML de la receta sin farmacia opcional (21 ms)
    √ PU-60 incluye la farmacia en el HTML cuando está seleccionada

PASS __tests__/paymentSimulation.test.ts
  Pagos - orquestación de la simulación con Supabase sustituido
    √ PU-61 no solicita cambios sin identificador de triaje (2 ms)
    √ PU-62 solicita el estado waiting para el identificador ficticio (1 ms)
    √ PU-63 caracteriza que el error devuelto por Supabase no se propaga (1 ms)
    √ PU-64 caracteriza que una excepción se registra pero no se propaga

PASS __tests__/consultationRules.test.ts
  Videoconsultas - decisiones locales de la sala de espera
    √ PU-45 reconoce el cierre con estado completed (1 ms)
    √ PU-46 reconoce el cierre con estado resolved
    √ PU-47 un triaje en espera no está cerrado
    √ PU-48 un triaje en progreso habilita la llamada sin cita
    √ PU-49 la existencia de una cita habilita la llamada
    √ PU-50 sin cita ni atención en progreso no habilita la llamada
    √ PU-51 caracteriza que no se comprueba el estado cancelado de una cita

PASS __tests__/reportStats.test.ts
  Reportes - cálculos locales existentes
    √ PU-65 una colección vacía produce contadores e ingreso cero (1 ms)
    √ PU-66 cuenta niveles reconocidos sin clasificar un nivel desconocido
    √ PU-67 caracteriza el conteo de espera y atención como completados estimados (1 ms)
    √ PU-68 un registro completado aporta cincuenta a la estimación
    √ PU-69 estados no contemplados no aportan ingresos estimados

PASS __tests__/loginValidation.test.ts
  Pruebas Unitarias - Validación de Campos Obligatorios del Inicio de Sesión
    √ debe rechazar cuando el correo y la contraseña están vacíos (1 ms)
    √ debe rechazar cuando el correo está completo pero la contraseña está vacía
    √ debe rechazar cuando el correo está vacío pero la contraseña está completa (1 ms)
    √ debe rechazar y considerar vacío cuando el correo está compuesto solo por espacios
    √ debe superar la validación de campos obligatorios cuando ambos campos están completos

Test Suites: 7 passed, 7 total
Tests:       62 passed, 62 total
Snapshots:   0 total
Time:        2.765 s, estimated 16 s
Ran all test suites.
Test results written to: evidencias\revision-hallazgos-20260930\base\jest.json
